2026-08-01 13:36:14  INFO  ============================================================
2026-08-01 13:36:14  INFO  Daily refresh started
2026-08-01 13:36:14  INFO  ============================================================
2026-08-01 13:36:14  INFO  Loading existing data...
2026-08-01 13:36:14  INFO    Last date in dataset : 2026-06-29
2026-08-01 13:36:14  INFO    Today                : 2026-08-01
2026-08-01 13:36:14  INFO  Weekend — no market data expected. Exiting cleanly.
2026-08-03 23:33:36  INFO  ============================================================
2026-08-03 23:33:36  INFO  Daily refresh started
2026-08-03 23:33:36  INFO  ============================================================
2026-08-03 23:33:36  INFO  Loading existing data...
2026-08-03 23:33:36  INFO    Last date in dataset : 2026-06-29
2026-08-03 23:33:36  INFO    Today                : 2026-08-03
2026-08-03 23:33:36  INFO  Pulling raw data from 2026-05-15 onward...
2026-08-03 23:33:36  INFO    Fetching SP500 (^GSPC)...
2026-08-03 23:33:36  INFO    Fetching VIX (^VIX)...
2026-08-03 23:33:37  INFO    Fetching CPI (CPIAUCSL)...
2026-08-03 23:33:37  INFO    Fetching FEDFUNDS (FEDFUNDS)...
2026-08-03 23:33:37  INFO    Fetching DGS10 (DGS10)...
2026-08-03 23:33:38  INFO    Fetching DGS2 (DGS2)...
2026-08-03 23:33:38  INFO    Fetching T5YIE (T5YIE)...
2026-08-03 23:33:38  INFO    Fetching BAA10Y (BAA10Y)...
2026-08-03 23:33:39  INFO    Fetching INDPRO (INDPRO)...
2026-08-03 23:33:39  INFO    Fetching PHILLY_FED (GACDFSA066MSFRBPHI)...
2026-08-03 23:33:39  INFO    24 new trading day(s) available
2026-08-03 23:33:39  INFO  New rows: 2026-06-30 → 2026-08-03
2026-08-03 23:33:39  INFO  us_combined_daily.parquet updated → 6938 rows total
2026-08-03 23:33:39  INFO  Re-engineering feature matrix (full history)...
2026-08-03 23:33:39  INFO  us_features_daily.parquet updated → 5885 rows
2026-08-03 23:33:39  INFO  Loading models...
2026-08-03 23:33:39  INFO  Running Viterbi decode on full updated sequence...
2026-08-03 23:33:39  INFO  us_regime_labels.parquet updated → 5885 rows
2026-08-03 23:33:39  INFO  ------------------------------------------------------------
2026-08-03 23:33:39  INFO  Refresh complete
2026-08-03 23:33:39  INFO    Date    : 2026-05-22
2026-08-03 23:33:39  INFO    Regime  : Risk-On
2026-08-03 23:33:39  INFO    Conf.   : 99.9%
2026-08-03 23:33:39  INFO    Added   : 24 row(s)
2026-08-03 23:33:39  INFO  ------------------------------------------------------------
2026-08-04 23:31:38  INFO  ============================================================
2026-08-04 23:31:38  INFO  Daily refresh started
2026-08-04 23:31:38  INFO  ============================================================
2026-08-04 23:31:38  INFO  Loading existing data...
2026-08-04 23:31:38  INFO    Last date in dataset : 2026-08-03
2026-08-04 23:31:38  INFO    Today                : 2026-08-04
2026-08-04 23:31:38  INFO  Pulling raw data from 2026-06-19 onward...
2026-08-04 23:31:38  INFO    Fetching SP500 (^GSPC)...
2026-08-04 23:31:38  INFO    Fetching VIX (^VIX)...
2026-08-04 23:31:38  INFO    Fetching CPI (CPIAUCSL)...
2026-08-04 23:31:39  INFO    Fetching FEDFUNDS (FEDFUNDS)...
2026-08-04 23:31:39  INFO    Fetching DGS10 (DGS10)...
2026-08-04 23:31:39  INFO    Fetching DGS2 (DGS2)...
2026-08-04 23:31:39  INFO    Fetching T5YIE (T5YIE)...
2026-08-04 23:31:40  INFO    Fetching BAA10Y (BAA10Y)...
2026-08-04 23:31:40  INFO    Fetching INDPRO (INDPRO)...
2026-08-04 23:31:41  INFO    Fetching PHILLY_FED (GACDFSA066MSFRBPHI)...
2026-08-04 23:31:41  INFO    1 new trading day(s) available
2026-08-04 23:31:41  INFO  New rows: 2026-08-04 → 2026-08-04
2026-08-04 23:31:41  INFO  us_combined_daily.parquet updated → 6939 rows total
2026-08-04 23:31:41  INFO  Re-engineering feature matrix (full history)...
2026-08-04 23:31:41  INFO  us_features_daily.parquet updated → 5885 rows
2026-08-04 23:31:41  INFO  Loading models...
2026-08-04 23:31:41  INFO  Running Viterbi decode on full updated sequence...
2026-08-04 23:31:41  INFO  us_regime_labels.parquet updated → 5885 rows
2026-08-04 23:31:41  INFO  ------------------------------------------------------------
2026-08-04 23:31:41  INFO  Refresh complete
2026-08-04 23:31:41  INFO    Date    : 2026-05-22
2026-08-04 23:31:41  INFO    Regime  : Risk-On
2026-08-04 23:31:41  INFO    Conf.   : 99.9%
2026-08-04 23:31:41  INFO    Added   : 1 row(s)
2026-08-04 23:31:41  INFO  ------------------------------------------------------------
2026-08-05 23:28:07  INFO  ============================================================
2026-08-05 23:28:07  INFO  Daily refresh started
2026-08-05 23:28:07  INFO  ============================================================
2026-08-05 23:28:07  INFO  Loading existing data...
2026-08-05 23:28:07  INFO    Last date in dataset : 2026-08-04
2026-08-05 23:28:07  INFO    Today                : 2026-08-05
2026-08-05 23:28:07  INFO  Pulling raw data from 2026-06-20 onward...
2026-08-05 23:28:07  INFO    Fetching SP500 (^GSPC)...
2026-08-05 23:28:08  INFO    Fetching VIX (^VIX)...
2026-08-05 23:28:09  INFO    Fetching CPI (CPIAUCSL)...
2026-08-05 23:28:10  INFO    Fetching FEDFUNDS (FEDFUNDS)...
2026-08-05 23:28:10  INFO    Fetching DGS10 (DGS10)...
2026-08-05 23:28:11  INFO    Fetching DGS2 (DGS2)...
2026-08-05 23:28:11  INFO    Fetching T5YIE (T5YIE)...
2026-08-05 23:28:12  INFO    Fetching BAA10Y (BAA10Y)...
2026-08-05 23:28:12  INFO    Fetching INDPRO (INDPRO)...
2026-08-05 23:28:12  INFO    Fetching PHILLY_FED (GACDFSA066MSFRBPHI)...
2026-08-05 23:28:13  INFO    1 new trading day(s) available
2026-08-05 23:28:13  INFO  New rows: 2026-08-05 → 2026-08-05
2026-08-05 23:28:13  INFO  us_combined_daily.parquet updated → 6940 rows total
2026-08-05 23:28:13  INFO  Re-engineering feature matrix (full history)...
2026-08-05 23:28:13  INFO  us_features_daily.parquet updated → 5885 rows
2026-08-05 23:28:13  INFO  Loading models...
2026-08-05 23:28:13  INFO  Running Viterbi decode on full updated sequence...
2026-08-05 23:28:14  INFO  us_regime_labels.parquet updated → 5885 rows
2026-08-05 23:28:14  INFO  ------------------------------------------------------------
2026-08-05 23:28:14  INFO  Refresh complete
2026-08-05 23:28:14  INFO    Date    : 2026-05-22
2026-08-05 23:28:14  INFO    Regime  : Risk-On
2026-08-05 23:28:14  INFO    Conf.   : 99.9%
2026-08-05 23:28:14  INFO    Added   : 1 row(s)
2026-08-05 23:28:14  INFO  ------------------------------------------------------------
2026-08-07 01:36:23  INFO  ============================================================
2026-08-07 01:36:23  INFO  Daily refresh started
2026-08-07 01:36:23  INFO  ============================================================
2026-08-07 01:36:23  INFO  Loading existing data...
2026-08-07 01:36:23  INFO    Last date in dataset : 2026-08-05
2026-08-07 01:36:23  INFO    Today                : 2026-08-07
2026-08-07 01:36:23  INFO  Pulling raw data from 2026-06-21 onward...
2026-08-07 01:36:23  INFO    Fetching SP500 (^GSPC)...
2026-08-07 01:36:24  INFO    Fetching VIX (^VIX)...
2026-08-07 01:36:24  INFO    Fetching CPI (CPIAUCSL)...
2026-08-07 01:36:24  INFO    Fetching FEDFUNDS (FEDFUNDS)...
2026-08-07 01:36:25  INFO    Fetching DGS10 (DGS10)...
2026-08-07 01:36:25  INFO    Fetching DGS2 (DGS2)...
2026-08-07 01:36:25  INFO    Fetching T5YIE (T5YIE)...
2026-08-07 01:36:26  INFO    Fetching BAA10Y (BAA10Y)...
2026-08-07 01:36:26  INFO    Fetching INDPRO (INDPRO)...
2026-08-07 01:36:26  INFO    Fetching PHILLY_FED (GACDFSA066MSFRBPHI)...
2026-08-07 01:36:26  INFO    1 new trading day(s) available
2026-08-07 01:36:26  INFO  New rows: 2026-08-06 → 2026-08-06
2026-08-07 01:36:27  INFO  us_combined_daily.parquet updated → 6941 rows total
2026-08-07 01:36:27  INFO  Re-engineering feature matrix (full history)...
2026-08-07 01:36:27  INFO  us_features_daily.parquet updated → 5885 rows
2026-08-07 01:36:27  INFO  Loading models...
2026-08-07 01:36:27  INFO  Running Viterbi decode on full updated sequence...
2026-08-07 01:36:28  INFO  us_regime_labels.parquet updated → 5885 rows
2026-08-07 01:36:28  INFO  ------------------------------------------------------------
2026-08-07 01:36:28  INFO  Refresh complete
2026-08-07 01:36:28  INFO    Date    : 2026-05-22
2026-08-07 01:36:28  INFO    Regime  : Risk-On
2026-08-07 01:36:28  INFO    Conf.   : 99.9%
2026-08-07 01:36:28  INFO    Added   : 1 row(s)
2026-08-07 01:36:28  INFO  ------------------------------------------------------------
